`timescale 1ns/1ps

`ifndef NI_PARAMS_PKG_SVH
`define NI_PARAMS_PKG_SVH

package ni_params_pkg;

  // AXI parameter defaults
  localparam int unsigned AXI_ID_WIDTH     = 3;
  localparam int unsigned NOC_ID_WIDTH     = 3;
  localparam int unsigned AXI_ADDR_WIDTH   = 48;
  localparam int unsigned AXI_DATA_WIDTH   = 512;
  localparam int unsigned AXI_AWUSER_WIDTH = 58;
  localparam int unsigned AXI_FIFO_DEPTH   = 8;

  // NoC parameter defaults
  localparam int unsigned NOC_DAT_VC_MODE_SHARED           = 0;
  localparam int unsigned NOC_DAT_VC_MODE_READ_WRITE_SPLIT = 1;
  localparam int unsigned NOC_DAT_VC_MODE                  = 0;
  localparam int unsigned NUM_DAT_VC                       = 2;
  localparam int unsigned NOC_REQ_FLIT_WIDTH               = 136;
  localparam int unsigned NOC_RSP_FLIT_WIDTH               = 126;
  localparam int unsigned NOC_DAT_FLIT_WIDTH               = 633;
  localparam int unsigned NOC_FIFO_DEPTH                   = 8;
  localparam int unsigned NOC_ROUTER_VC_DEPTH              = 8;
  localparam int unsigned NOC_NI_DAT_RX_VC_DEPTH           = 8;
  localparam int unsigned NOC_ROUTER_OUTPUT_FIFO_DEPTH     = 8;
  localparam int unsigned NOC_MESH_X_DIM                   = 4;
  localparam int unsigned NOC_MESH_Y_DIM                   = 4;

  // NMU depth defaults
  localparam int unsigned NMU_R_ROB_EN               = 1;
  localparam int unsigned NMU_ROB_B_DEPTH            = 128;
  localparam int unsigned NMU_ROB_R_DEPTH            = 128;
  localparam int unsigned NMU_MAX_OUTSTANDING_PER_ID = 32;
  localparam int unsigned NMU_QUEUE_DEPTH            = 16;
  localparam int unsigned NMU_DEPKT_Q_DEPTH          = 16;
  localparam int unsigned NMU_ARBITER_FIFO_DEPTH     = 4;

  // NSU depth defaults
  localparam int unsigned NSU_AXI_ID_WIDTH                = 3;
  localparam int unsigned NSU_MAX_ACTIVE_IDS              = 8;
  localparam int unsigned NSU_MAX_OUTSTANDING             = 32;
  localparam int unsigned NSU_QUEUE_DEPTH                 = 16;
  localparam int unsigned NSU_META_BUFFER_MAX_OUTSTANDING = 32;
  localparam int unsigned NSU_META_BUFFER_MAX_UNIQUE_IDS  = 8;
  localparam int unsigned NSU_ARBITER_FIFO_DEPTH          = 4;

endpackage

`endif // NI_PARAMS_PKG_SVH
